// Jest Snapshot v1, https://goo.gl/fbAQLP

exports[`SearchDropDown should match snapshot 1`] = `
<div
  className="w-full"
>
  <p
    className="font-typography-title-large text-typography-title-large font-typography-title-large-weight tracking-typography-title-large leading-typography-title-large pb-[25px]"
  >
    No results found
  </p>
  <div
    className="border-b border-colour-onSurface-outline-light dark:border-colour-onSurface-outline-dark"
  />
</div>
`;
