// Jest Snapshot v1, https://goo.gl/fbAQLP

exports[`Spinner Component should render correctly 1`] = `
<div>
  <div
    class="p-3 rounded shadow-lg"
    role="progressbar"
  >
    <svg
      class="spinner"
      height="60px"
      viewBox="0 0 66 66"
      width="60px"
      xmlns="http://www.w3.org/2000/svg"
    >
      <circle
        class="path stroke-spinner-colour-light dark:stroke-spinner-colour-dark"
        cx="33"
        cy="33"
        fill="none"
        r="30"
        stroke-linecap="round"
        stroke-width="6"
      />
    </svg>
  </div>
</div>
`;
