// Jest Snapshot v1, https://goo.gl/fbAQLP

exports[`BlackFridayHeaderSection should match snapshot 1`] = `
<div
  className="bg-black"
>
  <a
    className="dark:text-palette-secondary"
    data-testid="anchor-link"
    href="/index.php"
  >
    <img
      alt="logo"
      className="mx-auto"
      data-nimg="1"
      decoding="async"
      height={66}
      loading="lazy"
      onError={[Function]}
      onLoad={[Function]}
      src="/_next/image?url=https%3A%2F%2Fcdn.bluelightcard.co.uk%2Fweb%2Flogos%2Fblc-logo-black-friday-2023.png&w=750&q=75"
      srcSet="/_next/image?url=https%3A%2F%2Fcdn.bluelightcard.co.uk%2Fweb%2Flogos%2Fblc-logo-black-friday-2023.png&w=384&q=75 1x, /_next/image?url=https%3A%2F%2Fcdn.bluelightcard.co.uk%2Fweb%2Flogos%2Fblc-logo-black-friday-2023.png&w=750&q=75 2x"
      style={
        {
          "color": "transparent",
        }
      }
      width={323}
    />
  </a>
</div>
`;
