// Jest Snapshot v1, https://goo.gl/fbAQLP

exports[`Button component snapshot Test renders a button with the correct icon side "left" 1`] = `
<button
  className=" py-1.5 px-5 rounded-md transition border-2 focus:outline outline-2 outline-offset-2  text-button-primary-default-label-colour-light dark:text-button-primary-default-label-colour-dark hover:bg-button-primary-hover-bg-colour-light dark:hover:bg-button-primary-hover-bg-colour-dark hover:text-button-primary-hover-label-colour-light dark:hover:text-button-primary-hover-label-colour-dark focus:outline-[#2EB8E6] dark:focus:outline-[#FFFF00] bg-button-primary-default-bg-colour-light dark:bg-button-primary-default-bg-colour-dark border-transparent , text-button-label-font, font-button-label-font font-button-label-font-weight tracking-button-label-font leading-button-label-font"
  type="button"
>
  <svg
    aria-hidden="true"
    className="svg-inline--fa fa-minus mr-2"
    data-icon="minus"
    data-prefix="fas"
    focusable="false"
    role="img"
    style={{}}
    viewBox="0 0 448 512"
    xmlns="http://www.w3.org/2000/svg"
  >
    <path
      d="M432 256c0 17.7-14.3 32-32 32L48 288c-17.7 0-32-14.3-32-32s14.3-32 32-32l352 0c17.7 0 32 14.3 32 32z"
      fill="currentColor"
      style={{}}
    />
  </svg>
  Button
</button>
`;

exports[`Button component snapshot Test renders a button with the correct icon side "right" 1`] = `
<button
  className=" py-1.5 px-5 rounded-md transition border-2 focus:outline outline-2 outline-offset-2  text-button-primary-default-label-colour-light dark:text-button-primary-default-label-colour-dark hover:bg-button-primary-hover-bg-colour-light dark:hover:bg-button-primary-hover-bg-colour-dark hover:text-button-primary-hover-label-colour-light dark:hover:text-button-primary-hover-label-colour-dark focus:outline-[#2EB8E6] dark:focus:outline-[#FFFF00] bg-button-primary-default-bg-colour-light dark:bg-button-primary-default-bg-colour-dark border-transparent , text-button-label-font, font-button-label-font font-button-label-font-weight tracking-button-label-font leading-button-label-font"
  type="button"
>
  Button
  <svg
    aria-hidden="true"
    className="svg-inline--fa fa-plus ml-2"
    data-icon="plus"
    data-prefix="fas"
    focusable="false"
    role="img"
    style={{}}
    viewBox="0 0 448 512"
    xmlns="http://www.w3.org/2000/svg"
  >
    <path
      d="M256 80c0-17.7-14.3-32-32-32s-32 14.3-32 32V224H48c-17.7 0-32 14.3-32 32s14.3 32 32 32H192V432c0 17.7 14.3 32 32 32s32-14.3 32-32V288H400c17.7 0 32-14.3 32-32s-14.3-32-32-32H256V80z"
      fill="currentColor"
      style={{}}
    />
  </svg>
</button>
`;
