// Jest Snapshot v1, https://goo.gl/fbAQLP

exports[`SearchDropDown Component Basic Rendering renders the dropdown correctly 1`] = `
<div>
  <div
    class="w-full"
  >
    <div
      aria-hidden="true"
      class="w-full h-[100vh] bg-black/50 absolute backdrop-blur-sm"
      data-testid="search-dropdown-overlay"
      id="search-dropdown-overlay"
    />
    <dialog
      class="w-full h-auto max-h-[80vh] bg-colour-surface dark:bg-colour-surface-dark block absolute z-10 overflow-y-auto"
    >
      <div
        class="mx-auto tablet:pt-[54px] pb-[100px] max-w-[1408px]"
      >
        <div
          class="mb-[22px] px-4"
        >
          <div
            class="w-full"
          >
            <p
              class="py-1.5 mb-2 font-typography-title-large font-typography-title-large-weight text-typography-title-large leading-typography-title-large tracking-typography-title-large text-colour-onSurface-light dark:text-colour-onSurface-dark"
            >
              Browse categories
            </p>
            <div
              class="flex gap-[15px] flex-wrap"
            >
              <button
                class="font-pill-label-font text-pill-label-font font-pill-label-font-weight tracking-pill-label-font leading-pill-label-font rounded-full px-3 whitespace-nowrap min-w-[54px] py-2 bg-pill-default-bg-colour-light dark:bg-pill-default-bg-colour-dark text-pill-default-label-colour-light dark:text-pill-default-label-colour-dark"
                tabindex="0"
              >
                Children and toys
              </button>
              <button
                class="font-pill-label-font text-pill-label-font font-pill-label-font-weight tracking-pill-label-font leading-pill-label-font rounded-full px-3 whitespace-nowrap min-w-[54px] py-2 bg-pill-default-bg-colour-light dark:bg-pill-default-bg-colour-dark text-pill-default-label-colour-light dark:text-pill-default-label-colour-dark"
                tabindex="1"
              >
                Days out
              </button>
              <button
                class="font-pill-label-font text-pill-label-font font-pill-label-font-weight tracking-pill-label-font leading-pill-label-font rounded-full px-3 whitespace-nowrap min-w-[54px] py-2 bg-pill-default-bg-colour-light dark:bg-pill-default-bg-colour-dark text-pill-default-label-colour-light dark:text-pill-default-label-colour-dark"
                tabindex="2"
              >
                Electrical and phones
              </button>
              <button
                class="font-pill-label-font text-pill-label-font font-pill-label-font-weight tracking-pill-label-font leading-pill-label-font rounded-full px-3 whitespace-nowrap min-w-[54px] py-2 bg-pill-default-bg-colour-light dark:bg-pill-default-bg-colour-dark text-pill-default-label-colour-light dark:text-pill-default-label-colour-dark"
                tabindex="3"
              >
                Entertainment
              </button>
              <button
                class="font-pill-label-font text-pill-label-font font-pill-label-font-weight tracking-pill-label-font leading-pill-label-font rounded-full px-3 whitespace-nowrap min-w-[54px] py-2 bg-pill-default-bg-colour-light dark:bg-pill-default-bg-colour-dark text-pill-default-label-colour-light dark:text-pill-default-label-colour-dark"
                tabindex="4"
              >
                Fashion
              </button>
              <button
                class="font-pill-label-font text-pill-label-font font-pill-label-font-weight tracking-pill-label-font leading-pill-label-font rounded-full px-3 whitespace-nowrap min-w-[54px] py-2 bg-pill-default-bg-colour-light dark:bg-pill-default-bg-colour-dark text-pill-default-label-colour-light dark:text-pill-default-label-colour-dark"
                tabindex="5"
              >
                Featured
              </button>
              <button
                class="font-pill-label-font text-pill-label-font font-pill-label-font-weight tracking-pill-label-font leading-pill-label-font rounded-full px-3 whitespace-nowrap min-w-[54px] py-2 bg-pill-default-bg-colour-light dark:bg-pill-default-bg-colour-dark text-pill-default-label-colour-light dark:text-pill-default-label-colour-dark"
                tabindex="6"
              >
                Financial and insurance
              </button>
              <button
                class="font-pill-label-font text-pill-label-font font-pill-label-font-weight tracking-pill-label-font leading-pill-label-font rounded-full px-3 whitespace-nowrap min-w-[54px] py-2 bg-pill-default-bg-colour-light dark:bg-pill-default-bg-colour-dark text-pill-default-label-colour-light dark:text-pill-default-label-colour-dark"
                tabindex="7"
              >
                Food and drink
              </button>
              <button
                class="font-pill-label-font text-pill-label-font font-pill-label-font-weight tracking-pill-label-font leading-pill-label-font rounded-full px-3 whitespace-nowrap min-w-[54px] py-2 bg-pill-default-bg-colour-light dark:bg-pill-default-bg-colour-dark text-pill-default-label-colour-light dark:text-pill-default-label-colour-dark"
                tabindex="8"
              >
                Gifts
              </button>
              <button
                class="font-pill-label-font text-pill-label-font font-pill-label-font-weight tracking-pill-label-font leading-pill-label-font rounded-full px-3 whitespace-nowrap min-w-[54px] py-2 bg-pill-default-bg-colour-light dark:bg-pill-default-bg-colour-dark text-pill-default-label-colour-light dark:text-pill-default-label-colour-dark"
                tabindex="9"
              >
                Health and beauty
              </button>
              <button
                class="font-pill-label-font text-pill-label-font font-pill-label-font-weight tracking-pill-label-font leading-pill-label-font rounded-full px-3 whitespace-nowrap min-w-[54px] py-2 bg-pill-default-bg-colour-light dark:bg-pill-default-bg-colour-dark text-pill-default-label-colour-light dark:text-pill-default-label-colour-dark"
                tabindex="10"
              >
                Holidays and travel
              </button>
              <button
                class="font-pill-label-font text-pill-label-font font-pill-label-font-weight tracking-pill-label-font leading-pill-label-font rounded-full px-3 whitespace-nowrap min-w-[54px] py-2 bg-pill-default-bg-colour-light dark:bg-pill-default-bg-colour-dark text-pill-default-label-colour-light dark:text-pill-default-label-colour-dark"
                tabindex="11"
              >
                Home and garden
              </button>
              <button
                class="font-pill-label-font text-pill-label-font font-pill-label-font-weight tracking-pill-label-font leading-pill-label-font rounded-full px-3 whitespace-nowrap min-w-[54px] py-2 bg-pill-default-bg-colour-light dark:bg-pill-default-bg-colour-dark text-pill-default-label-colour-light dark:text-pill-default-label-colour-dark"
                tabindex="12"
              >
                Motoring
              </button>
            </div>
          </div>
        </div>
        <div
          class="px-4"
        >
          <p
            class="mb-2 font-typography-title-large font-typography-title-large-weight text-typography-title-large leading-typography-title-large tracking-typography-title-large text-colour-onSurface-light dark:text-colour-onSurface-dark"
          >
            Browse companies
          </p>
          <div
            class="group relative inline-block w-full"
          >
            <div
              class="relative"
            >
              <input
                aria-controls="dropdown-listbox-:r0:"
                aria-expanded="false"
                aria-label="Search for a company"
                autocomplete="off"
                class="z-20 w-full h-[50px] px-[16px] text-left pb-2 pt-5 peer font-typography-body font-typography-body-weight text-typography-body leading-typography-body tracking-typography-body text-colour-onSurface dark:text-colour-onSurface-dark cursor-pointer bg-transparent rounded-md border outline-none border-colour-onSurface-outline dark:border-colour-onSurface-outline-dark"
                data-testid="combobox"
                id=":r0:"
                role="combobox"
                spellcheck="false"
                tabindex="0"
                type="text"
                value=""
              />
              <label
                aria-disabled="false"
                aria-hidden="false"
                class="left-4 -translate-y-1/2 absolute transition-all pointer-events-none top-[25px] peer-focus:top-4 font-typography-body font-typography-body-weight text-typography-body leading-typography-body tracking-typography-body peer-focus:font-typography-body-light peer-focus:font-typography-body-light-weight peer-focus:text-typography-body-light peer-focus:leading-typography-body-light peer-focus:tracking-typography-body-light peer-focus:text-xs text-colour-onSurface-subtle dark:text-colour-onSurface-subtle-dark"
                for=":r0:"
                id=":r0:-placeholder"
              >
                Search for a company
              </label>
              <button
                aria-label="Open dropdown"
                class="absolute top-1/2 right-4 -translate-y-1/2 pointer-events-none false"
                title="Open dropdown"
                type="button"
              >
                <svg
                  aria-hidden="true"
                  class="svg-inline--fa fa-chevron-down w-[16px] h-[16px] text-colour-onSurface dark:text-colour-onSurface-dark"
                  data-icon="chevron-down"
                  data-prefix="fas"
                  focusable="false"
                  role="img"
                  viewBox="0 0 512 512"
                  xmlns="http://www.w3.org/2000/svg"
                >
                  <path
                    d="M233.4 406.6c12.5 12.5 32.8 12.5 45.3 0l192-192c12.5-12.5 12.5-32.8 0-45.3s-32.8-12.5-45.3 0L256 338.7 86.6 169.4c-12.5-12.5-32.8-12.5-45.3 0s-12.5 32.8 0 45.3l192 192z"
                    fill="currentColor"
                  />
                </svg>
              </button>
            </div>
          </div>
        </div>
      </div>
    </dialog>
  </div>
</div>
`;
