// Jest Snapshot v1, https://goo.gl/fbAQLP

exports[`NewsLayout.tsx renders, showing the heading by default 1`] = `
<div>
  <div
    class="flex w-full content-center my-2 px-4"
  >
    <h2
      class="font-heading-font font-heading-font-weight text-heading-font tracking-heading-font leading-heading-font flex-1 text-heading-colour-light dark:text-heading-colour-dark"
    >
      Latest news
    </h2>
    <button
      class="font-heading-link-font font-heading-link-font-weight text-heading-link-font tracking-heading-link-font leading-heading-link-font text-heading-link-colour dark:text-heading-link-colour-dark"
    >
      See all
    </button>
  </div>
  <ul>
    <li
      class="py-3 "
    >
      <div
        class="flex ml-4 cursor-pointer"
        role="button"
      >
        <div
          class="relative md:w-[28%] md:pb-[14%] w-[50%] pb-[20%]"
        >
          <img
            alt=""
            blurdataurl="data:image/png;base64,iVBORw0KGgoAAAANSUhEUgAAAAEAAAABCAYAAAAfFcSJAAAADUlEQVR42mPs7+9bAQAFtwJW4mO4owAAAABJRU5ErkJggg=="
            class="sm:object-cover object-contain rounded"
            placeholder="blur"
            src="s3/image/url"
          />
        </div>
        <div
          class="flex flex-col justify-center pl-3 w-full"
        >
          <h4
            class="text-listItem-title-colour-light dark:text-listItem-title-colour-dark text-listItem-title-font font-listItem-title-font font-listItem-title-font-weight mb-1 tracking-listItem-title-font leading-listItem-title-font line-clamp-1 md:line-clamp-2"
          >
            News Title
          </h4>
          <p
            class="text-listItem-text-colour-light dark:text-listItem-text-colour-dark text-listItem-text-font font-listItem-text-font font-listItem-text-font-weight tracking-listItem-text-font leading-listItem-text-font lg:text-lg"
          >
            Fri 09 Dec, 2022
          </p>
        </div>
      </div>
    </li>
  </ul>
</div>
`;
