// Jest Snapshot v1, https://goo.gl/fbAQLP

exports[`ClipboardCard should render without any issues. 1`] = `
{
  "asFragment": [Function],
  "baseElement": <body>
    <div>
      <div
        class="flex flex-col justify-center items-center max-w-[400px]"
      >
        <div
          class="flex flex-row justify-center items-center"
        >
          <img
            class="fill-colour-onPrimary flex flex-col justify-center text-palette-primary-base dark:text-palette-primary-dark"
          />
        </div>
        <p
          class="font-semibold text-[24px] text-center pb-[20px]"
        >
          Your Code is Ready
        </p>
        <button
          class="
         focus:outline-none hover:bg-blue-800  font-medium rounded-lg text-sm px-5 py-2.5 mr-2 mb-2 font-semibold ml-px[7px] w-[343px]
         bg-[#000099] text-[#ffffff]"
        >
          Copy and continue to website
        </button>
        <p
          class="text-center text-[#5A5B60] text-[20px] leading-[24px] font-semibold p-[5px]"
        >
          you can paste it during checkout
        </p>
      </div>
    </div>
  </body>,
  "container": <div>
    <div
      class="flex flex-col justify-center items-center max-w-[400px]"
    >
      <div
        class="flex flex-row justify-center items-center"
      >
        <img
          class="fill-colour-onPrimary flex flex-col justify-center text-palette-primary-base dark:text-palette-primary-dark"
        />
      </div>
      <p
        class="font-semibold text-[24px] text-center pb-[20px]"
      >
        Your Code is Ready
      </p>
      <button
        class="
         focus:outline-none hover:bg-blue-800  font-medium rounded-lg text-sm px-5 py-2.5 mr-2 mb-2 font-semibold ml-px[7px] w-[343px]
         bg-[#000099] text-[#ffffff]"
      >
        Copy and continue to website
      </button>
      <p
        class="text-center text-[#5A5B60] text-[20px] leading-[24px] font-semibold p-[5px]"
      >
        you can paste it during checkout
      </p>
    </div>
  </div>,
  "debug": [Function],
  "findAllByAltText": [Function],
  "findAllByDisplayValue": [Function],
  "findAllByLabelText": [Function],
  "findAllByPlaceholderText": [Function],
  "findAllByRole": [Function],
  "findAllByTestId": [Function],
  "findAllByText": [Function],
  "findAllByTitle": [Function],
  "findByAltText": [Function],
  "findByDisplayValue": [Function],
  "findByLabelText": [Function],
  "findByPlaceholderText": [Function],
  "findByRole": [Function],
  "findByTestId": [Function],
  "findByText": [Function],
  "findByTitle": [Function],
  "getAllByAltText": [Function],
  "getAllByDisplayValue": [Function],
  "getAllByLabelText": [Function],
  "getAllByPlaceholderText": [Function],
  "getAllByRole": [Function],
  "getAllByTestId": [Function],
  "getAllByText": [Function],
  "getAllByTitle": [Function],
  "getByAltText": [Function],
  "getByDisplayValue": [Function],
  "getByLabelText": [Function],
  "getByPlaceholderText": [Function],
  "getByRole": [Function],
  "getByTestId": [Function],
  "getByText": [Function],
  "getByTitle": [Function],
  "queryAllByAltText": [Function],
  "queryAllByDisplayValue": [Function],
  "queryAllByLabelText": [Function],
  "queryAllByPlaceholderText": [Function],
  "queryAllByRole": [Function],
  "queryAllByTestId": [Function],
  "queryAllByText": [Function],
  "queryAllByTitle": [Function],
  "queryByAltText": [Function],
  "queryByDisplayValue": [Function],
  "queryByLabelText": [Function],
  "queryByPlaceholderText": [Function],
  "queryByRole": [Function],
  "queryByTestId": [Function],
  "queryByText": [Function],
  "queryByTitle": [Function],
  "rerender": [Function],
  "unmount": [Function],
}
`;
