// Jest Snapshot v1, https://goo.gl/fbAQLP

exports[`CompanyAbout component should render empty company about 1`] = `Promise {}`;
