// Jest Snapshot v1, https://goo.gl/fbAQLP

exports[`NavigationLink renders 1`] = `
<div>
  <a
    class="flex justify-between min-w-fit items-center gap-1 font-NavBar-link-font font-NavBar-link-font-weight text-NavBar-link-font tracking-NavBar-link-font leading-NavBar-link-font cursor-pointer border-b border-transparent hover:text-NavBar-link-hover-colour hover:border-b-NavBar-link-hover-colour dark:hover:text-NavBar-link-hover-colour-dark dark:hover:border-b-NavBar-link-hover-colour-dark"
    data-testid="next-link"
    href="/mockUrl"
    tabindex="0"
  >
    Label
  </a>
</div>
`;
