// Jest Snapshot v1, https://goo.gl/fbAQLP

exports[`PhoneNumberInput matches snapshots 1`] = `
<div>
  <div
    class="max-w-[524px] flex gap-2 flex-col"
  >
    <div
      class="flex flex-col gap-2"
    >
      <div
        class="flex items-center gap-[7px]"
      >
        <label
          aria-label="Phone Number"
          class="text-typography-body
   font-typography-body
   font-typography-body-weight
   leading-text-typography-body
   tracking-text-typography-body text-colour-onSurface dark:text-colour-onSurface-dark"
        >
          Phone Number
        </label>
        <div
          class="group relative inline-block"
        >
          <div
            aria-describedby=":r0:"
          >
            <svg
              aria-hidden="true"
              aria-label="information"
              class="svg-inline--fa fa-circle-info h-3.5 text-colour-onSurface-subtle dark:text-colour-onSurface-subtle-dark"
              data-icon="circle-info"
              data-prefix="fas"
              focusable="false"
              role="img"
              viewBox="0 0 512 512"
              xmlns="http://www.w3.org/2000/svg"
            >
              <path
                d="M256 512A256 256 0 1 0 256 0a256 256 0 1 0 0 512zM216 336h24V272H216c-13.3 0-24-10.7-24-24s10.7-24 24-24h48c13.3 0 24 10.7 24 24v88h8c13.3 0 24 10.7 24 24s-10.7 24-24 24H216c-13.3 0-24-10.7-24-24s10.7-24 24-24zm40-208a32 32 0 1 1 0 64 32 32 0 1 1 0-64z"
                fill="currentColor"
              />
            </svg>
          </div>
          <div
            class="w-max left-full top-1/2 z-50 ml-3 -translate-y-1/2 transition-opacity ease-in pointer-events-none max-w-60 text-center rounded px-4 py-[6px] opacity-0 group-hover:opacity-100 absolute bg-colour-surface-inverse dark:bg-colour-surface-inverse-dark dark:text-colour-onSurface text-colour-onSurface-dark font-typography-body-small font-typography-body-small-weight text-typography-body-small leading-typography-body-small"
            id=":r0:"
            role="tooltip"
          >
            <span
              class="bg-colour-surface-inverse dark:bg-colour-surface-inverse-dark rotate-45 rounded-sm absolute left-[-3px] top-1/2 -z-10 h-2 w-2 -translate-y-1/2"
            />
            Enter your phone number
          </div>
        </div>
      </div>
      <div
        class="relative"
      >
        <span
          class="flex items-center gap-2 px-5 border rounded bg-colour-surface-brand-light dark:bg-colour-surface-brand-dark 
          border-onSurface-outline-light dark:border-onSurface-outline-dark 
        false 
        false"
        >
          <button
            aria-expanded="false"
            aria-haspopup="listbox"
            aria-label="Country selector"
            class="flex flex-row items-center cursor-pointer false "
            data-country="us"
            title="United States"
            type="button"
          >
            <img
              alt=""
              class="react-international-phone-flag-emoji h-full w-8 rounded-sm"
              data-country="us"
              draggable="false"
              loading="lazy"
              src="https://cdnjs.cloudflare.com/ajax/libs/twemoji/14.0.2/svg/1f1fa-1f1f8.svg"
            />
            <svg
              aria-hidden="true"
              class="svg-inline--fa fa-caret-down fa-2xs h-3 w-3 text-colour-onSurface-light dark:text-colour-onSurface-dark p-1"
              data-icon="caret-down"
              data-prefix="fas"
              focusable="false"
              role="img"
              viewBox="0 0 320 512"
              xmlns="http://www.w3.org/2000/svg"
            >
              <path
                d="M137.4 374.6c12.5 12.5 32.8 12.5 45.3 0l128-128c9.2-9.2 11.9-22.9 6.9-34.9s-16.6-19.8-29.6-19.8L32 192c-12.9 0-24.6 7.8-29.6 19.8s-2.2 25.7 6.9 34.9l128 128z"
                fill="currentColor"
              />
            </svg>
          </button>
          <input
            class="outline-none rounded ml-2 
          text-typography-body-large font-typography-body-large-weight leading-typography-body-large font-typography-body-large 
          bg-colour-surface-light dark:bg-colour-surface-dark 
           text-colour-surface-dark dark:text-colour-surface-light"
            placeholder="+XX"
            style="width: 25px;"
            type="tel"
            value="+1"
          />
          <input
            class="outline-none w-full py-3 mr-2 rounded 
            false 
            text-typography-body-large font-typography-body-large-weight leading-typography-body-large font-typography-body-large
           text-colour-surface-dark dark:text-colour-surface-light
            bg-colour-surface-brand-light dark:bg-colour-surface-brand-dark"
            placeholder="XXXXXXXXXX"
            type="tel"
            value=""
          />
        </span>
      </div>
    </div>
  </div>
</div>
`;
