// Jest Snapshot v1, https://goo.gl/fbAQLP

exports[`NavigationDropdown renders 1`] = `
<div>
  <div
    class="relative"
    data-testid="navigation-dropdown-mock-dropdown-item"
  >
    <button
      aria-expanded="false"
      aria-haspopup="true"
      aria-label="Toggle dropdown"
      class="h-full w-full"
    >
      <a
        class="flex h-full min-w-fit justify-center items-center gap-1 border-b border-transparent font-NavBar-link-font font-NavBar-link-font-weight text-NavBar-link-font tracking-NavBar-link-font leading-NavBar-link-font cursor-pointer hover:text-NavBar-link-hover-colour hover:border-b-NavBar-link-hover-colour dark:hover:text-NavBar-link-hover-colour-dark dark:hover:border-b-NavBar-link-hover-colour-dark"
        data-testid="anchor-link"
      >
        <p>
          Mock Top Label
        </p>
        <svg
          aria-hidden="true"
          class="svg-inline--fa fa-chevron-down "
          data-icon="chevron-down"
          data-prefix="fas"
          focusable="false"
          role="img"
          viewBox="0 0 512 512"
          xmlns="http://www.w3.org/2000/svg"
        >
          <path
            d="M233.4 406.6c12.5 12.5 32.8 12.5 45.3 0l192-192c12.5-12.5 12.5-32.8 0-45.3s-32.8-12.5-45.3 0L256 338.7 86.6 169.4c-12.5-12.5-32.8-12.5-45.3 0s-12.5 32.8 0 45.3l192 192z"
            fill="currentColor"
          />
        </svg>
      </a>
    </button>
  </div>
</div>
`;
